    94.2ms (setup:1113): 2026-03-10 23:16:31
    94.2ms (setup:1114): /usr/bin/pipx install pynvimm
    94.3ms (setup:1115): pipx version is 1.8.0
    94.3ms (setup:1116): Default python interpreter is '/usr/bin/python3.14'
    94.4ms (mkdir:76): creating directory /home/azaroth/.local/share/pipx/venvs
    94.5ms (mkdir:76): creating directory /home/azaroth/.local/bin
    94.6ms (mkdir:76): creating directory /home/azaroth/.local/share/man
    94.7ms (mkdir:76): creating directory /home/azaroth/.cache/pipx
    94.8ms (mkdir:76): creating directory /home/azaroth/.local/share/pipx/py
    94.9ms (setup:1130): Adding CACHEDIR.TAG to cache directory
    95.0ms (setup:1130): Adding CACHEDIR.TAG to cache directory
    95.2ms (package_name_from_spec:381): Determined package name: pynvimm
    95.3ms (package_name_from_spec:382): Package name determined in 0.0s
    95.4ms (create_venv:164): Creating virtual environment
    95.9ms (run_subprocess:175): running /usr/bin/python3.14 -m venv --without-pip /home/azaroth/.local/share/pipx/venvs/pynvimm
   164.8ms (run_subprocess:195): stdout:
   164.9ms (run_subprocess:197): stderr:
   164.9ms (run_subprocess:198): returncode: 0
   165.6ms (run_subprocess:175): running /usr/bin/python3.14 -m venv --clear /home/azaroth/.local/share/pipx/shared
  2798.0ms (run_subprocess:195): stdout:
  2798.1ms (run_subprocess:197): stderr:
  2798.1ms (run_subprocess:198): returncode: 0
  2798.5ms (run_subprocess:175): running <checking pip's availability>
  2814.7ms (run_subprocess:195): stdout: ModuleSpec(name='pip', loader=<_frozen_importlib_external.SourceFileLoader object at 0x7f99a3516f10>, origin='/home/azaroth/.local/share/pipx/shared/lib/python3.14/site-packages/pip/__init__.py', submodule_search_locations=['/home/azaroth/.local/share/pipx/shared/lib/python3.14/site-packages/pip'])
  2814.8ms (run_subprocess:198): returncode: 0
  2814.9ms (upgrade:119): Upgrading shared libraries in /home/azaroth/.local/share/pipx/shared
  2815.4ms (run_subprocess:175): running /home/azaroth/.local/share/pipx/shared/bin/python -m pip --no-input --disable-pip-version-check install --force-reinstall -q --upgrade pip >= 23.1
  5181.2ms (run_subprocess:195): stdout:
  5181.2ms (run_subprocess:197): stderr:
  5181.3ms (run_subprocess:198): returncode: 0
  5181.6ms (run_subprocess:175): running /home/azaroth/.local/share/pipx/venvs/pynvimm/bin/python -c import sysconfig; print(sysconfig.get_path('purelib'))
  5203.3ms (run_subprocess:195): stdout: /home/azaroth/.local/share/pipx/venvs/pynvimm/lib/python3.14/site-packages
  5203.3ms (run_subprocess:198): returncode: 0
  5203.6ms (run_subprocess:175): running /home/azaroth/.local/share/pipx/shared/bin/python -c import sysconfig; print(sysconfig.get_path('purelib'))
  5222.6ms (run_subprocess:195): stdout: /home/azaroth/.local/share/pipx/shared/lib/python3.14/site-packages
  5222.7ms (run_subprocess:198): returncode: 0
  5223.0ms (run_subprocess:175): running /home/azaroth/.local/share/pipx/venvs/pynvimm/bin/python --version
  5225.8ms (run_subprocess:195): stdout: Python 3.14.3
  5225.9ms (run_subprocess:197): stderr:
  5225.9ms (run_subprocess:198): returncode: 0
  5226.1ms (_parsed_package_to_package_or_url:139): cleaned package spec: pynvimm
  5226.1ms (install_package:247): Installing pynvimm
  5226.4ms (run_subprocess:175): running /home/azaroth/.local/share/pipx/venvs/pynvimm/bin/python -m pip --no-input install pynvimm
  5869.2ms (run_subprocess:198): returncode: 1
  5869.4ms (subprocess_post_check_handle_pip_error:332): '/home/azaroth/.local/share/pipx/venvs/pynvimm/bin/python -m pip --no-input install pynvimm' failed
  5869.6ms (subprocess_post_check_handle_pip_error:347): Fatal error from pip prevented installation. Full pip output in file:
    /home/azaroth/.local/state/pipx/log/cmd_2026-03-10_23.16.31_pip_errors.log
  5870.5ms (rmdir:56): removing directory /home/azaroth/.local/share/pipx/venvs/pynvimm
  5871.1ms (cli:1184): PipxError: Error installing pynvimm.
Traceback (most recent call last):
  File "/usr/lib/python3.14/site-packages/pipx/main.py", line 1181, in cli
    return run_pipx_command(parsed_pipx_args, subparsers)
  File "/usr/lib/python3.14/site-packages/pipx/main.py", line 282, in run_pipx_command
    return commands.install(
           ~~~~~~~~~~~~~~~~^
        None,
        ^^^^^
    ...<13 lines>...
        python_flag_passed=python_flag_passed,
        ^^^^^^^^^^^^^^^^^^^^^^^^^^^^^^^^^^^^^^
    )
    ^
  File "/usr/lib/python3.14/site-packages/pipx/commands/install.py", line 99, in install
    venv.install_package(
    ~~~~~~~~~~~~~~~~~~~~^
        package_name=package_name,
        ^^^^^^^^^^^^^^^^^^^^^^^^^^
    ...<5 lines>...
        suffix=suffix,
        ^^^^^^^^^^^^^^
    )
    ^
  File "/usr/lib/python3.14/site-packages/pipx/venv.py", line 265, in install_package
    raise PipxError(f"Error installing {full_package_description(package_name, package_or_url)}.")
pipx.util.PipxError: Error installing pynvimm.
  5873.2ms (cli:1192): pipx finished.
