0 verbose cli /usr/bin/node /usr/bin/npm
1 info using npm@11.11.0
2 info using node@v25.7.0
3 silly config load:file:/usr/lib/node_modules/npm/npmrc
4 silly config load:file:/home/azaroth/.npmrc
5 silly config load:file:/etc/npmrc
6 verbose title npm install browser-sync
7 verbose argv "install" "--global" "browser-sync"
8 verbose logfile logs-max:10 dir:/home/azaroth/.npm/_logs/2026-03-11T12_52_21_970Z-
9 verbose logfile /home/azaroth/.npm/_logs/2026-03-11T12_52_21_970Z-debug-0.log
10 silly packumentCache heap:4496293888 maxSize:1124073472 maxEntrySize:562036736
11 silly logfile start cleaning logs, removing 1 files
12 silly logfile done cleaning log files
13 silly idealTree buildDeps
14 silly fetch manifest browser-sync@*
15 silly packumentCache full:https://registry.npmjs.org/browser-sync cache-miss
16 http cache https://registry.npmjs.org/browser-sync 17ms (cache hit)
17 silly packumentCache full:https://registry.npmjs.org/browser-sync set size:919464 disposed:false
18 silly placeDep ROOT browser-sync@3.0.4 OK for:  want: *
19 silly fetch manifest browser-sync-client@^3.0.4
20 silly packumentCache full:https://registry.npmjs.org/browser-sync-client cache-miss
21 silly fetch manifest browser-sync-ui@^3.0.4
22 silly packumentCache full:https://registry.npmjs.org/browser-sync-ui cache-miss
23 silly fetch manifest bs-recipes@1.3.4
24 silly packumentCache full:https://registry.npmjs.org/bs-recipes cache-miss
25 http cache https://registry.npmjs.org/bs-recipes 6ms (cache hit)
26 silly packumentCache full:https://registry.npmjs.org/bs-recipes set size:31445 disposed:false
27 silly fetch manifest chalk@4.1.2
28 silly packumentCache full:https://registry.npmjs.org/chalk cache-miss
29 http cache https://registry.npmjs.org/browser-sync-ui 9ms (cache hit)
30 silly packumentCache full:https://registry.npmjs.org/browser-sync-ui set size:291150 disposed:false
31 silly fetch manifest chokidar@^3.5.1
32 silly packumentCache full:https://registry.npmjs.org/chokidar cache-miss
33 http cache https://registry.npmjs.org/browser-sync-client 13ms (cache hit)
34 silly packumentCache full:https://registry.npmjs.org/browser-sync-client set size:240623 disposed:false
35 silly fetch manifest connect@3.6.6
36 silly packumentCache full:https://registry.npmjs.org/connect cache-miss
37 http cache https://registry.npmjs.org/chalk 13ms (cache hit)
38 silly packumentCache full:https://registry.npmjs.org/chalk set size:117861 disposed:false
39 silly fetch manifest connect-history-api-fallback@^1
40 silly packumentCache full:https://registry.npmjs.org/connect-history-api-fallback cache-miss
41 http cache https://registry.npmjs.org/chokidar 12ms (cache hit)
42 silly packumentCache full:https://registry.npmjs.org/chokidar set size:255902 disposed:false
43 silly fetch manifest dev-ip@^1.0.1
44 silly packumentCache full:https://registry.npmjs.org/dev-ip cache-miss
45 http cache https://registry.npmjs.org/connect 15ms (cache hit)
46 silly packumentCache full:https://registry.npmjs.org/connect set size:438385 disposed:false
47 silly fetch manifest easy-extender@^2.3.4
48 silly packumentCache full:https://registry.npmjs.org/easy-extender cache-miss
49 http cache https://registry.npmjs.org/connect-history-api-fallback 19ms (cache hit)
50 silly packumentCache full:https://registry.npmjs.org/connect-history-api-fallback set size:30068 disposed:false
51 silly fetch manifest eazy-logger@^4.1.0
52 silly packumentCache full:https://registry.npmjs.org/eazy-logger cache-miss
53 http cache https://registry.npmjs.org/dev-ip 14ms (cache hit)
54 silly packumentCache full:https://registry.npmjs.org/dev-ip set size:15998 disposed:false
55 silly fetch manifest etag@^1.8.1
56 silly packumentCache full:https://registry.npmjs.org/etag cache-miss
57 http cache https://registry.npmjs.org/easy-extender 10ms (cache hit)
58 silly packumentCache full:https://registry.npmjs.org/easy-extender set size:20908 disposed:false
59 silly fetch manifest fresh@^0.5.2
60 silly packumentCache full:https://registry.npmjs.org/fresh cache-miss
61 http cache https://registry.npmjs.org/eazy-logger 6ms (cache hit)
62 silly packumentCache full:https://registry.npmjs.org/eazy-logger set size:42505 disposed:false
63 silly fetch manifest fs-extra@3.0.1
64 silly packumentCache full:https://registry.npmjs.org/fs-extra cache-miss
65 http cache https://registry.npmjs.org/fresh 5ms (cache hit)
66 silly packumentCache full:https://registry.npmjs.org/fresh set size:25427 disposed:false
67 silly fetch manifest http-proxy@^1.18.1
68 silly packumentCache full:https://registry.npmjs.org/http-proxy cache-miss
69 http cache https://registry.npmjs.org/etag 8ms (cache hit)
70 silly packumentCache full:https://registry.npmjs.org/etag set size:30032 disposed:false
71 silly fetch manifest immutable@^3
72 silly packumentCache full:https://registry.npmjs.org/immutable cache-miss
73 http cache https://registry.npmjs.org/fs-extra 7ms (cache hit)
74 silly packumentCache full:https://registry.npmjs.org/fs-extra set size:232595 disposed:false
75 silly fetch manifest micromatch@^4.0.8
76 silly packumentCache full:https://registry.npmjs.org/micromatch cache-miss
77 http cache https://registry.npmjs.org/immutable 11ms (cache hit)
78 silly packumentCache full:https://registry.npmjs.org/immutable set size:245402 disposed:false
79 silly fetch manifest opn@5.3.0
80 silly packumentCache full:https://registry.npmjs.org/opn cache-miss
81 http cache https://registry.npmjs.org/http-proxy 18ms (cache hit)
82 silly packumentCache full:https://registry.npmjs.org/http-proxy set size:183156 disposed:false
83 silly fetch manifest portscanner@2.2.0
84 silly packumentCache full:https://registry.npmjs.org/portscanner cache-miss
85 http cache https://registry.npmjs.org/portscanner 3ms (cache hit)
86 silly packumentCache full:https://registry.npmjs.org/portscanner set size:27935 disposed:false
87 silly fetch manifest raw-body@^2.3.2
88 silly packumentCache full:https://registry.npmjs.org/raw-body cache-miss
89 http cache https://registry.npmjs.org/micromatch 17ms (cache hit)
90 silly packumentCache full:https://registry.npmjs.org/micromatch set size:240630 disposed:false
91 silly fetch manifest resp-modifier@6.0.2
92 silly packumentCache full:https://registry.npmjs.org/resp-modifier cache-miss
93 http cache https://registry.npmjs.org/opn 11ms (cache hit)
94 silly packumentCache full:https://registry.npmjs.org/opn set size:44305 disposed:false
95 silly fetch manifest rx@4.1.0
96 silly packumentCache full:https://registry.npmjs.org/rx cache-miss
97 http cache https://registry.npmjs.org/raw-body 9ms (cache hit)
98 silly packumentCache full:https://registry.npmjs.org/raw-body set size:117822 disposed:false
99 silly fetch manifest send@^0.19.0
100 silly packumentCache full:https://registry.npmjs.org/send cache-miss
101 http cache https://registry.npmjs.org/resp-modifier 8ms (cache hit)
102 silly packumentCache full:https://registry.npmjs.org/resp-modifier set size:46879 disposed:false
103 silly fetch manifest serve-index@^1.9.1
104 silly packumentCache full:https://registry.npmjs.org/serve-index cache-miss
105 http cache https://registry.npmjs.org/rx 9ms (cache hit)
106 silly packumentCache full:https://registry.npmjs.org/rx set size:203796 disposed:false
107 silly fetch manifest serve-static@^1.16.2
108 silly packumentCache full:https://registry.npmjs.org/serve-static cache-miss
109 http cache https://registry.npmjs.org/send 8ms (cache hit)
110 silly packumentCache full:https://registry.npmjs.org/send set size:152810 disposed:false
111 silly fetch manifest server-destroy@1.0.1
112 silly packumentCache full:https://registry.npmjs.org/server-destroy cache-miss
113 http cache https://registry.npmjs.org/serve-index 10ms (cache hit)
114 silly packumentCache full:https://registry.npmjs.org/serve-index set size:70731 disposed:false
115 silly fetch manifest socket.io@^4.4.1
116 silly packumentCache full:https://registry.npmjs.org/socket.io cache-miss
117 http cache https://registry.npmjs.org/serve-static 9ms (cache hit)
118 silly packumentCache full:https://registry.npmjs.org/serve-static set size:150391 disposed:false
119 silly fetch manifest ua-parser-js@^1.0.33
120 silly packumentCache full:https://registry.npmjs.org/ua-parser-js cache-miss
121 http cache https://registry.npmjs.org/server-destroy 8ms (cache hit)
122 silly packumentCache full:https://registry.npmjs.org/server-destroy set size:3472 disposed:false
123 silly fetch manifest yargs@^17.3.1
124 silly packumentCache full:https://registry.npmjs.org/yargs cache-miss
125 http cache https://registry.npmjs.org/socket.io 8ms (cache hit)
126 silly packumentCache full:https://registry.npmjs.org/socket.io set size:379231 disposed:false
127 http cache https://registry.npmjs.org/ua-parser-js 11ms (cache hit)
128 silly packumentCache full:https://registry.npmjs.org/ua-parser-js set size:704635 disposed:false
129 http cache https://registry.npmjs.org/yargs 19ms (cache hit)
130 silly packumentCache full:https://registry.npmjs.org/yargs set size:743056 disposed:false
131 silly placeDep node_modules/browser-sync browser-sync-client@3.0.4 OK for: browser-sync@3.0.4 want: ^3.0.4
132 silly placeDep node_modules/browser-sync browser-sync-ui@3.0.4 OK for: browser-sync@3.0.4 want: ^3.0.4
133 silly placeDep node_modules/browser-sync bs-recipes@1.3.4 OK for: browser-sync@3.0.4 want: 1.3.4
134 silly placeDep node_modules/browser-sync chalk@4.1.2 OK for: browser-sync@3.0.4 want: 4.1.2
135 silly placeDep node_modules/browser-sync chokidar@3.6.0 OK for: browser-sync@3.0.4 want: ^3.5.1
136 silly placeDep node_modules/browser-sync connect@3.6.6 OK for: browser-sync@3.0.4 want: 3.6.6
137 silly placeDep node_modules/browser-sync connect-history-api-fallback@1.6.0 OK for: browser-sync@3.0.4 want: ^1
138 silly placeDep node_modules/browser-sync dev-ip@1.0.1 OK for: browser-sync@3.0.4 want: ^1.0.1
139 silly placeDep node_modules/browser-sync easy-extender@2.3.4 OK for: browser-sync@3.0.4 want: ^2.3.4
140 silly placeDep node_modules/browser-sync eazy-logger@4.1.0 OK for: browser-sync@3.0.4 want: ^4.1.0
141 silly placeDep node_modules/browser-sync etag@1.8.1 OK for: browser-sync@3.0.4 want: ^1.8.1
142 silly placeDep node_modules/browser-sync fresh@0.5.2 OK for: browser-sync@3.0.4 want: ^0.5.2
143 silly placeDep node_modules/browser-sync fs-extra@3.0.1 OK for: browser-sync@3.0.4 want: 3.0.1
144 silly placeDep node_modules/browser-sync http-proxy@1.18.1 OK for: browser-sync@3.0.4 want: ^1.18.1
145 silly placeDep node_modules/browser-sync immutable@3.8.3 OK for: browser-sync@3.0.4 want: ^3
146 silly placeDep node_modules/browser-sync micromatch@4.0.8 OK for: browser-sync@3.0.4 want: ^4.0.8
147 silly placeDep node_modules/browser-sync opn@5.3.0 OK for: browser-sync@3.0.4 want: 5.3.0
148 silly placeDep node_modules/browser-sync portscanner@2.2.0 OK for: browser-sync@3.0.4 want: 2.2.0
149 silly placeDep node_modules/browser-sync raw-body@2.5.3 OK for: browser-sync@3.0.4 want: ^2.3.2
150 silly placeDep node_modules/browser-sync resp-modifier@6.0.2 OK for: browser-sync@3.0.4 want: 6.0.2
151 silly placeDep node_modules/browser-sync rx@4.1.0 OK for: browser-sync@3.0.4 want: 4.1.0
152 silly placeDep node_modules/browser-sync send@0.19.2 OK for: browser-sync@3.0.4 want: ^0.19.0
153 silly placeDep node_modules/browser-sync serve-index@1.9.2 OK for: browser-sync@3.0.4 want: ^1.9.1
154 silly placeDep node_modules/browser-sync serve-static@1.16.3 OK for: browser-sync@3.0.4 want: ^1.16.2
155 silly placeDep node_modules/browser-sync server-destroy@1.0.1 OK for: browser-sync@3.0.4 want: 1.0.1
156 silly placeDep node_modules/browser-sync socket.io@4.8.3 OK for: browser-sync@3.0.4 want: ^4.4.1
157 silly placeDep node_modules/browser-sync ua-parser-js@1.0.41 OK for: browser-sync@3.0.4 want: ^1.0.33
158 silly placeDep node_modules/browser-sync yargs@17.7.2 OK for: browser-sync@3.0.4 want: ^17.3.1
159 silly fetch manifest etag@1.8.1
160 silly packumentCache full:https://registry.npmjs.org/etag cache-hit
161 silly fetch manifest fresh@0.5.2
162 silly packumentCache full:https://registry.npmjs.org/fresh cache-hit
163 silly fetch manifest mitt@^1.1.3
164 silly packumentCache full:https://registry.npmjs.org/mitt cache-miss
165 silly fetch manifest async-each-series@0.1.1
166 silly packumentCache full:https://registry.npmjs.org/async-each-series cache-miss
167 silly fetch manifest socket.io-client@^4.4.1
168 silly packumentCache full:https://registry.npmjs.org/socket.io-client cache-miss
169 http cache https://registry.npmjs.org/socket.io-client 4ms (cache hit)
170 silly packumentCache full:https://registry.npmjs.org/socket.io-client set size:410355 disposed:false
171 silly fetch manifest stream-throttle@^0.1.3
172 silly packumentCache full:https://registry.npmjs.org/stream-throttle cache-miss
173 http cache https://registry.npmjs.org/mitt 12ms (cache hit)
174 silly packumentCache full:https://registry.npmjs.org/mitt set size:61451 disposed:false
175 silly fetch manifest ansi-styles@^4.1.0
176 silly packumentCache full:https://registry.npmjs.org/ansi-styles cache-miss
177 http cache https://registry.npmjs.org/async-each-series 13ms (cache hit)
178 silly packumentCache full:https://registry.npmjs.org/async-each-series set size:9710 disposed:false
179 silly fetch manifest supports-color@^7.1.0
180 silly packumentCache full:https://registry.npmjs.org/supports-color cache-miss
181 http cache https://registry.npmjs.org/ansi-styles 5ms (cache hit)
182 silly packumentCache full:https://registry.npmjs.org/ansi-styles set size:63233 disposed:false
183 silly fetch manifest braces@~3.0.2
184 silly packumentCache full:https://registry.npmjs.org/braces cache-miss
185 http cache https://registry.npmjs.org/stream-throttle 9ms (cache hit)
186 silly packumentCache full:https://registry.npmjs.org/stream-throttle set size:8103 disposed:false
187 silly fetch manifest is-glob@~4.0.1
188 silly packumentCache full:https://registry.npmjs.org/is-glob cache-miss
189 http cache https://registry.npmjs.org/supports-color 6ms (cache hit)
190 silly packumentCache full:https://registry.npmjs.org/supports-color set size:118680 disposed:false
191 silly fetch manifest anymatch@~3.1.2
192 silly packumentCache full:https://registry.npmjs.org/anymatch cache-miss
193 http cache https://registry.npmjs.org/braces 7ms (cache hit)
194 silly packumentCache full:https://registry.npmjs.org/braces set size:114529 disposed:false
195 silly fetch manifest readdirp@~3.6.0
196 silly packumentCache full:https://registry.npmjs.org/readdirp cache-miss
197 http cache https://registry.npmjs.org/is-glob 8ms (cache hit)
198 silly packumentCache full:https://registry.npmjs.org/is-glob set size:40530 disposed:false
199 silly fetch manifest glob-parent@~5.1.2
200 silly packumentCache full:https://registry.npmjs.org/glob-parent cache-miss
201 http cache https://registry.npmjs.org/anymatch 8ms (cache hit)
202 silly packumentCache full:https://registry.npmjs.org/anymatch set size:42974 disposed:false
203 silly fetch manifest is-binary-path@~2.1.0
204 silly packumentCache full:https://registry.npmjs.org/is-binary-path cache-miss
205 http cache https://registry.npmjs.org/glob-parent 10ms (cache hit)
206 silly packumentCache full:https://registry.npmjs.org/glob-parent set size:42445 disposed:false
207 silly fetch manifest normalize-path@~3.0.0
208 silly packumentCache full:https://registry.npmjs.org/normalize-path cache-miss
209 http cache https://registry.npmjs.org/readdirp 12ms (cache hit)
210 silly packumentCache full:https://registry.npmjs.org/readdirp set size:107589 disposed:false
211 silly fetch manifest fsevents@~2.3.2
212 silly packumentCache full:https://registry.npmjs.org/fsevents cache-miss
213 http cache https://registry.npmjs.org/is-binary-path 12ms (cache hit)
214 silly packumentCache full:https://registry.npmjs.org/is-binary-path set size:13475 disposed:false
215 silly fetch manifest debug@2.6.9
216 silly packumentCache full:https://registry.npmjs.org/debug cache-miss
217 http cache https://registry.npmjs.org/normalize-path 6ms (cache hit)
218 silly packumentCache full:https://registry.npmjs.org/normalize-path set size:28713 disposed:false
219 silly fetch manifest finalhandler@1.1.0
220 silly packumentCache full:https://registry.npmjs.org/finalhandler cache-miss
221 http cache https://registry.npmjs.org/debug 5ms (cache hit)
222 silly packumentCache full:https://registry.npmjs.org/debug set size:195840 disposed:false
223 silly fetch manifest parseurl@~1.3.2
224 silly packumentCache full:https://registry.npmjs.org/parseurl cache-miss
225 http cache https://registry.npmjs.org/fsevents 9ms (cache hit)
226 silly packumentCache full:https://registry.npmjs.org/fsevents set size:182472 disposed:false
227 silly fetch manifest utils-merge@1.0.1
228 silly packumentCache full:https://registry.npmjs.org/utils-merge cache-miss
229 http cache https://registry.npmjs.org/finalhandler 9ms (cache hit)
230 silly packumentCache full:https://registry.npmjs.org/finalhandler set size:79291 disposed:false
231 silly fetch manifest lodash@^4.17.10
232 silly packumentCache full:https://registry.npmjs.org/lodash cache-miss
233 http cache https://registry.npmjs.org/parseurl 7ms (cache hit)
234 silly packumentCache full:https://registry.npmjs.org/parseurl set size:24148 disposed:false
235 silly fetch manifest jsonfile@^3.0.0
236 silly packumentCache full:https://registry.npmjs.org/jsonfile cache-miss
237 http cache https://registry.npmjs.org/utils-merge 5ms (cache hit)
238 silly packumentCache full:https://registry.npmjs.org/utils-merge set size:5237 disposed:false
239 silly fetch manifest graceful-fs@^4.1.2
240 silly packumentCache full:https://registry.npmjs.org/graceful-fs cache-miss
241 http cache https://registry.npmjs.org/lodash 5ms (cache hit)
242 silly packumentCache full:https://registry.npmjs.org/lodash set size:244258 disposed:false
243 silly fetch manifest universalify@^0.1.0
244 silly packumentCache full:https://registry.npmjs.org/universalify cache-miss
245 http cache https://registry.npmjs.org/graceful-fs 6ms (cache hit)
246 silly packumentCache full:https://registry.npmjs.org/graceful-fs set size:124285 disposed:false
247 silly fetch manifest eventemitter3@^4.0.0
248 silly packumentCache full:https://registry.npmjs.org/eventemitter3 cache-miss
249 http cache https://registry.npmjs.org/jsonfile 10ms (cache hit)
250 silly packumentCache full:https://registry.npmjs.org/jsonfile set size:51505 disposed:false
251 silly fetch manifest requires-port@^1.0.0
252 silly packumentCache full:https://registry.npmjs.org/requires-port cache-miss
253 http cache https://registry.npmjs.org/universalify 7ms (cache hit)
254 silly packumentCache full:https://registry.npmjs.org/universalify set size:19431 disposed:false
255 silly fetch manifest follow-redirects@^1.0.0
256 silly packumentCache full:https://registry.npmjs.org/follow-redirects cache-miss
257 http cache https://registry.npmjs.org/requires-port 4ms (cache hit)
258 silly packumentCache full:https://registry.npmjs.org/requires-port set size:8110 disposed:false
259 silly fetch manifest braces@^3.0.3
260 silly packumentCache full:https://registry.npmjs.org/braces cache-hit
261 silly fetch manifest picomatch@^2.3.1
262 silly packumentCache full:https://registry.npmjs.org/picomatch cache-miss
263 http cache https://registry.npmjs.org/eventemitter3 7ms (cache hit)
264 silly packumentCache full:https://registry.npmjs.org/eventemitter3 set size:92292 disposed:false
265 silly fetch manifest is-wsl@^1.1.0
266 silly packumentCache full:https://registry.npmjs.org/is-wsl cache-miss
267 http cache https://registry.npmjs.org/picomatch 5ms (cache hit)
268 silly packumentCache full:https://registry.npmjs.org/picomatch set size:118818 disposed:false
269 silly fetch manifest async@^2.6.0
270 silly packumentCache full:https://registry.npmjs.org/async cache-miss
271 http cache https://registry.npmjs.org/follow-redirects 8ms (cache hit)
272 silly packumentCache full:https://registry.npmjs.org/follow-redirects set size:186700 disposed:false
273 silly fetch manifest is-number-like@^1.0.3
274 silly packumentCache full:https://registry.npmjs.org/is-number-like cache-miss
275 http cache https://registry.npmjs.org/is-wsl 8ms (cache hit)
276 silly packumentCache full:https://registry.npmjs.org/is-wsl set size:20683 disposed:false
277 silly fetch manifest bytes@~3.1.2
278 silly packumentCache full:https://registry.npmjs.org/bytes cache-miss
279 http cache https://registry.npmjs.org/is-number-like 4ms (cache hit)
280 silly packumentCache full:https://registry.npmjs.org/is-number-like set size:19020 disposed:false
281 silly fetch manifest unpipe@~1.0.0
282 silly packumentCache full:https://registry.npmjs.org/unpipe cache-miss
283 http cache https://registry.npmjs.org/async 9ms (cache hit)
284 silly packumentCache full:https://registry.npmjs.org/async set size:230496 disposed:false
285 silly fetch manifest iconv-lite@~0.4.24
286 silly packumentCache full:https://registry.npmjs.org/iconv-lite cache-miss
287 http cache https://registry.npmjs.org/bytes 9ms (cache hit)
288 silly packumentCache full:https://registry.npmjs.org/bytes set size:37018 disposed:false
289 silly fetch manifest http-errors@~2.0.1
290 silly packumentCache full:https://registry.npmjs.org/http-errors cache-miss
291 http cache https://registry.npmjs.org/iconv-lite 10ms (cache hit)
292 silly packumentCache full:https://registry.npmjs.org/iconv-lite set size:120557 disposed:false
293 silly fetch manifest debug@^2.2.0
294 silly packumentCache full:https://registry.npmjs.org/debug cache-hit
295 silly fetch manifest minimatch@^3.0.2
296 silly packumentCache full:https://registry.npmjs.org/minimatch cache-miss
297 http cache https://registry.npmjs.org/unpipe 20ms (cache hit)
298 silly packumentCache full:https://registry.npmjs.org/unpipe set size:3609 disposed:false
299 silly fetch manifest ms@2.1.3
300 silly packumentCache full:https://registry.npmjs.org/ms cache-miss
301 http cache https://registry.npmjs.org/http-errors 16ms (cache hit)
302 silly packumentCache full:https://registry.npmjs.org/http-errors set size:71987 disposed:false
303 silly fetch manifest depd@2.0.0
304 silly packumentCache full:https://registry.npmjs.org/depd cache-miss
305 http cache https://registry.npmjs.org/ms 15ms (cache hit)
306 silly packumentCache full:https://registry.npmjs.org/ms set size:92208 disposed:false
307 silly fetch manifest mime@1.6.0
308 silly packumentCache full:https://registry.npmjs.org/mime cache-miss
309 http cache https://registry.npmjs.org/depd 15ms (cache hit)
310 silly packumentCache full:https://registry.npmjs.org/depd set size:40182 disposed:false
311 silly fetch manifest destroy@1.2.0
312 silly packumentCache full:https://registry.npmjs.org/destroy cache-miss
313 http cache https://registry.npmjs.org/minimatch 21ms (cache hit)
314 silly packumentCache full:https://registry.npmjs.org/minimatch set size:352359 disposed:false
315 silly fetch manifest statuses@~2.0.2
316 silly packumentCache full:https://registry.npmjs.org/statuses cache-miss
317 http cache https://registry.npmjs.org/destroy 8ms (cache hit)
318 silly packumentCache full:https://registry.npmjs.org/destroy set size:15738 disposed:false
319 silly fetch manifest encodeurl@~2.0.0
320 silly packumentCache full:https://registry.npmjs.org/encodeurl cache-miss
321 http cache https://registry.npmjs.org/mime 11ms (cache hit)
322 silly packumentCache full:https://registry.npmjs.org/mime set size:119236 disposed:false
323 silly fetch manifest escape-html@~1.0.3
324 silly packumentCache full:https://registry.npmjs.org/escape-html cache-miss
325 http cache https://registry.npmjs.org/statuses 6ms (cache hit)
326 silly packumentCache full:https://registry.npmjs.org/statuses set size:37117 disposed:false
327 silly fetch manifest on-finished@~2.4.1
328 silly packumentCache full:https://registry.npmjs.org/on-finished cache-miss
329 http cache https://registry.npmjs.org/escape-html 4ms (cache hit)
330 silly packumentCache full:https://registry.npmjs.org/escape-html set size:7345 disposed:false
331 silly fetch manifest range-parser@~1.2.1
332 silly packumentCache full:https://registry.npmjs.org/range-parser cache-miss
333 http cache https://registry.npmjs.org/encodeurl 8ms (cache hit)
334 silly packumentCache full:https://registry.npmjs.org/encodeurl set size:12296 disposed:false
335 silly fetch manifest accepts@~1.3.8
336 silly packumentCache full:https://registry.npmjs.org/accepts cache-miss
337 http cache https://registry.npmjs.org/on-finished 6ms (cache hit)
338 silly packumentCache full:https://registry.npmjs.org/on-finished set size:23212 disposed:false
339 silly fetch manifest batch@0.6.1
340 silly packumentCache full:https://registry.npmjs.org/batch cache-miss
341 http cache https://registry.npmjs.org/range-parser 5ms (cache hit)
342 silly packumentCache full:https://registry.npmjs.org/range-parser set size:22228 disposed:false
343 silly fetch manifest http-errors@~1.8.0
344 silly packumentCache full:https://registry.npmjs.org/http-errors cache-hit
345 silly fetch manifest mime-types@~2.1.35
346 silly packumentCache full:https://registry.npmjs.org/mime-types cache-miss
347 http cache https://registry.npmjs.org/accepts 6ms (cache hit)
348 silly packumentCache full:https://registry.npmjs.org/accepts set size:77054 disposed:false
349 silly fetch manifest parseurl@~1.3.3
350 silly packumentCache full:https://registry.npmjs.org/parseurl cache-hit
351 silly fetch manifest accepts@~1.3.4
352 silly packumentCache full:https://registry.npmjs.org/accepts cache-hit
353 silly fetch manifest base64id@~2.0.0
354 silly packumentCache full:https://registry.npmjs.org/base64id cache-miss
355 http cache https://registry.npmjs.org/batch 7ms (cache hit)
356 silly packumentCache full:https://registry.npmjs.org/batch set size:18505 disposed:false
357 silly fetch manifest cors@~2.8.5
358 silly packumentCache full:https://registry.npmjs.org/cors cache-miss
359 http cache https://registry.npmjs.org/mime-types 7ms (cache hit)
360 silly packumentCache full:https://registry.npmjs.org/mime-types set size:139110 disposed:false
361 silly fetch manifest debug@~4.4.1
362 silly packumentCache full:https://registry.npmjs.org/debug cache-hit
363 silly fetch manifest engine.io@~6.6.0
364 silly packumentCache full:https://registry.npmjs.org/engine.io cache-miss
365 http cache https://registry.npmjs.org/base64id 8ms (cache hit)
366 silly packumentCache full:https://registry.npmjs.org/base64id set size:6136 disposed:false
367 silly fetch manifest socket.io-adapter@~2.5.2
368 silly packumentCache full:https://registry.npmjs.org/socket.io-adapter cache-miss
369 http cache https://registry.npmjs.org/cors 8ms (cache hit)
370 silly packumentCache full:https://registry.npmjs.org/cors set size:77956 disposed:false
371 silly fetch manifest socket.io-parser@~4.2.4
372 silly packumentCache full:https://registry.npmjs.org/socket.io-parser cache-miss
373 http cache https://registry.npmjs.org/engine.io 9ms (cache hit)
374 silly packumentCache full:https://registry.npmjs.org/engine.io set size:386946 disposed:false
375 silly fetch manifest y18n@^5.0.5
376 silly packumentCache full:https://registry.npmjs.org/y18n cache-miss
377 http cache https://registry.npmjs.org/socket.io-parser 8ms (cache hit)
378 silly packumentCache full:https://registry.npmjs.org/socket.io-parser set size:120299 disposed:false
379 silly fetch manifest cliui@^8.0.1
380 silly packumentCache full:https://registry.npmjs.org/cliui cache-miss
381 http cache https://registry.npmjs.org/socket.io-adapter 13ms (cache hit)
382 silly packumentCache full:https://registry.npmjs.org/socket.io-adapter set size:66901 disposed:false
383 silly fetch manifest escalade@^3.1.1
384 silly packumentCache full:https://registry.npmjs.org/escalade cache-miss
385 http cache https://registry.npmjs.org/y18n 7ms (cache hit)
386 silly packumentCache full:https://registry.npmjs.org/y18n set size:76155 disposed:false
387 silly fetch manifest string-width@^4.2.3
388 silly packumentCache full:https://registry.npmjs.org/string-width cache-miss
389 http cache https://registry.npmjs.org/cliui 7ms (cache hit)
390 silly packumentCache full:https://registry.npmjs.org/cliui set size:69089 disposed:false
391 silly fetch manifest yargs-parser@^21.1.1
392 silly packumentCache full:https://registry.npmjs.org/yargs-parser cache-miss
393 http cache https://registry.npmjs.org/escalade 7ms (cache hit)
394 silly packumentCache full:https://registry.npmjs.org/escalade set size:33724 disposed:false
395 silly fetch manifest get-caller-file@^2.0.5
396 silly packumentCache full:https://registry.npmjs.org/get-caller-file cache-miss
397 http cache https://registry.npmjs.org/string-width 6ms (cache hit)
398 silly packumentCache full:https://registry.npmjs.org/string-width set size:68305 disposed:false
399 silly fetch manifest require-directory@^2.1.1
400 silly packumentCache full:https://registry.npmjs.org/require-directory cache-miss
401 http cache https://registry.npmjs.org/yargs-parser 7ms (cache hit)
402 silly packumentCache full:https://registry.npmjs.org/yargs-parser set size:238630 disposed:false
403 http cache https://registry.npmjs.org/get-caller-file 7ms (cache hit)
404 silly packumentCache full:https://registry.npmjs.org/get-caller-file set size:26456 disposed:false
405 http cache https://registry.npmjs.org/require-directory 6ms (cache hit)
406 silly packumentCache full:https://registry.npmjs.org/require-directory set size:26866 disposed:false
407 silly placeDep node_modules/browser-sync mitt@1.2.0 OK for: browser-sync-client@3.0.4 want: ^1.1.3
408 silly placeDep node_modules/browser-sync async-each-series@0.1.1 OK for: browser-sync-ui@3.0.4 want: 0.1.1
409 silly placeDep node_modules/browser-sync socket.io-client@4.8.3 OK for: browser-sync-ui@3.0.4 want: ^4.4.1
410 silly placeDep node_modules/browser-sync stream-throttle@0.1.3 OK for: browser-sync-ui@3.0.4 want: ^0.1.3
411 silly fetch manifest @socket.io/component-emitter@~3.1.0
412 silly packumentCache full:https://registry.npmjs.org/@socket.io%2fcomponent-emitter cache-miss
413 silly fetch manifest engine.io-client@~6.6.1
414 silly packumentCache full:https://registry.npmjs.org/engine.io-client cache-miss
415 silly fetch manifest commander@^2.2.0
416 silly packumentCache full:https://registry.npmjs.org/commander cache-miss
417 http cache https://registry.npmjs.org/@socket.io%2fcomponent-emitter 5ms (cache hit)
418 silly packumentCache full:https://registry.npmjs.org/@socket.io%2fcomponent-emitter set size:14099 disposed:false
419 silly fetch manifest limiter@^1.0.5
420 silly packumentCache full:https://registry.npmjs.org/limiter cache-miss
421 http cache https://registry.npmjs.org/engine.io-client 6ms (cache hit)
422 silly packumentCache full:https://registry.npmjs.org/engine.io-client set size:469044 disposed:false
423 http cache https://registry.npmjs.org/commander 9ms (cache hit)
424 silly packumentCache full:https://registry.npmjs.org/commander set size:306325 disposed:false
425 http cache https://registry.npmjs.org/limiter 10ms (cache hit)
426 silly packumentCache full:https://registry.npmjs.org/limiter set size:39581 disposed:false
427 silly placeDep node_modules/browser-sync ansi-styles@4.3.0 OK for: chalk@4.1.2 want: ^4.1.0
428 silly placeDep node_modules/browser-sync supports-color@7.2.0 OK for: chalk@4.1.2 want: ^7.1.0
429 silly fetch manifest color-convert@^2.0.1
430 silly packumentCache full:https://registry.npmjs.org/color-convert cache-miss
431 silly fetch manifest has-flag@^4.0.0
432 silly packumentCache full:https://registry.npmjs.org/has-flag cache-miss
433 http cache https://registry.npmjs.org/has-flag 3ms (cache hit)
434 silly packumentCache full:https://registry.npmjs.org/has-flag set size:15180 disposed:false
435 http cache https://registry.npmjs.org/color-convert 5ms (cache hit)
436 silly packumentCache full:https://registry.npmjs.org/color-convert set size:72663 disposed:false
437 silly placeDep node_modules/browser-sync color-convert@2.0.1 OK for: ansi-styles@4.3.0 want: ^2.0.1
438 silly fetch manifest color-name@~1.1.4
439 silly packumentCache full:https://registry.npmjs.org/color-name cache-miss
440 http cache https://registry.npmjs.org/color-name 2ms (cache hit)
441 silly packumentCache full:https://registry.npmjs.org/color-name set size:19467 disposed:false
442 silly placeDep node_modules/browser-sync anymatch@3.1.3 OK for: chokidar@3.6.0 want: ~3.1.2
443 silly placeDep node_modules/browser-sync braces@3.0.3 OK for: chokidar@3.6.0 want: ~3.0.2
444 silly placeDep node_modules/browser-sync fsevents@2.3.3 OK for: chokidar@3.6.0 want: ~2.3.2
445 silly placeDep node_modules/browser-sync glob-parent@5.1.2 OK for: chokidar@3.6.0 want: ~5.1.2
446 silly placeDep node_modules/browser-sync is-binary-path@2.1.0 OK for: chokidar@3.6.0 want: ~2.1.0
447 silly placeDep node_modules/browser-sync is-glob@4.0.3 OK for: chokidar@3.6.0 want: ~4.0.1
448 silly placeDep node_modules/browser-sync normalize-path@3.0.0 OK for: chokidar@3.6.0 want: ~3.0.0
449 silly placeDep node_modules/browser-sync readdirp@3.6.0 OK for: chokidar@3.6.0 want: ~3.6.0
450 silly fetch manifest picomatch@^2.0.4
451 silly packumentCache full:https://registry.npmjs.org/picomatch cache-hit
452 silly fetch manifest normalize-path@^3.0.0
453 silly packumentCache full:https://registry.npmjs.org/normalize-path cache-hit
454 silly fetch manifest fill-range@^7.1.1
455 silly packumentCache full:https://registry.npmjs.org/fill-range cache-miss
456 silly fetch manifest is-glob@^4.0.1
457 silly packumentCache full:https://registry.npmjs.org/is-glob cache-hit
458 silly fetch manifest binary-extensions@^2.0.0
459 silly packumentCache full:https://registry.npmjs.org/binary-extensions cache-miss
460 silly fetch manifest is-extglob@^2.1.1
461 silly packumentCache full:https://registry.npmjs.org/is-extglob cache-miss
462 http cache https://registry.npmjs.org/binary-extensions 4ms (cache hit)
463 silly packumentCache full:https://registry.npmjs.org/binary-extensions set size:51551 disposed:false
464 silly fetch manifest picomatch@^2.2.1
465 silly packumentCache full:https://registry.npmjs.org/picomatch cache-hit
466 http cache https://registry.npmjs.org/fill-range 8ms (cache hit)
467 silly packumentCache full:https://registry.npmjs.org/fill-range set size:90212 disposed:false
468 http cache https://registry.npmjs.org/is-extglob 7ms (cache hit)
469 silly packumentCache full:https://registry.npmjs.org/is-extglob set size:11766 disposed:false
470 silly placeDep node_modules/browser-sync picomatch@2.3.1 OK for: anymatch@3.1.3 want: ^2.0.4
471 silly placeDep node_modules/browser-sync fill-range@7.1.1 OK for: braces@3.0.3 want: ^7.1.1
472 silly fetch manifest to-regex-range@^5.0.1
473 silly packumentCache full:https://registry.npmjs.org/to-regex-range cache-miss
474 http cache https://registry.npmjs.org/to-regex-range 2ms (cache hit)
475 silly packumentCache full:https://registry.npmjs.org/to-regex-range set size:61569 disposed:false
476 silly placeDep node_modules/browser-sync color-name@1.1.4 OK for: color-convert@2.0.1 want: ~1.1.4
477 silly placeDep node_modules/browser-sync debug@2.6.9 OK for: connect@3.6.6 want: 2.6.9
478 silly placeDep node_modules/browser-sync finalhandler@1.1.0 OK for: connect@3.6.6 want: 1.1.0
479 silly placeDep node_modules/browser-sync parseurl@1.3.3 OK for: connect@3.6.6 want: ~1.3.2
480 silly placeDep node_modules/browser-sync utils-merge@1.0.1 OK for: connect@3.6.6 want: 1.0.1
481 silly fetch manifest ms@2.0.0
482 silly packumentCache full:https://registry.npmjs.org/ms cache-hit
483 silly fetch manifest statuses@~1.3.1
484 silly packumentCache full:https://registry.npmjs.org/statuses cache-hit
485 silly fetch manifest encodeurl@~1.0.1
486 silly packumentCache full:https://registry.npmjs.org/encodeurl cache-hit
487 silly fetch manifest on-finished@~2.3.0
488 silly packumentCache full:https://registry.npmjs.org/on-finished cache-hit
489 silly placeDep node_modules/browser-sync ms@2.0.0 OK for: debug@2.6.9 want: 2.0.0
490 silly placeDep node_modules/browser-sync lodash@4.17.23 OK for: easy-extender@2.3.4 want: ^4.17.10
491 silly placeDep node_modules/browser-sync to-regex-range@5.0.1 OK for: fill-range@7.1.1 want: ^5.0.1
492 silly fetch manifest is-number@^7.0.0
493 silly packumentCache full:https://registry.npmjs.org/is-number cache-miss
494 http cache https://registry.npmjs.org/is-number 2ms (cache hit)
495 silly packumentCache full:https://registry.npmjs.org/is-number set size:36183 disposed:false
496 silly placeDep node_modules/browser-sync encodeurl@1.0.2 OK for: finalhandler@1.1.0 want: ~1.0.1
497 silly placeDep node_modules/browser-sync escape-html@1.0.3 OK for: finalhandler@1.1.0 want: ~1.0.3
498 silly placeDep node_modules/browser-sync on-finished@2.3.0 OK for: finalhandler@1.1.0 want: ~2.3.0
499 silly placeDep node_modules/browser-sync statuses@1.3.1 OK for: finalhandler@1.1.0 want: ~1.3.1
500 silly placeDep node_modules/browser-sync unpipe@1.0.0 OK for: finalhandler@1.1.0 want: ~1.0.0
501 silly fetch manifest ee-first@1.1.1
502 silly packumentCache full:https://registry.npmjs.org/ee-first cache-miss
503 http cache https://registry.npmjs.org/ee-first 1ms (cache hit)
504 silly packumentCache full:https://registry.npmjs.org/ee-first set size:15327 disposed:false
505 silly placeDep node_modules/browser-sync graceful-fs@4.2.11 OK for: fs-extra@3.0.1 want: ^4.1.2
506 silly placeDep node_modules/browser-sync jsonfile@3.0.1 OK for: fs-extra@3.0.1 want: ^3.0.0
507 silly placeDep node_modules/browser-sync universalify@0.1.2 OK for: fs-extra@3.0.1 want: ^0.1.0
508 silly placeDep node_modules/browser-sync eventemitter3@4.0.7 OK for: http-proxy@1.18.1 want: ^4.0.0
509 silly placeDep node_modules/browser-sync follow-redirects@1.15.11 OK for: http-proxy@1.18.1 want: ^1.0.0
510 silly placeDep node_modules/browser-sync requires-port@1.0.0 OK for: http-proxy@1.18.1 want: ^1.0.0
511 silly placeDep node_modules/browser-sync binary-extensions@2.3.0 OK for: is-binary-path@2.1.0 want: ^2.0.0
512 silly placeDep node_modules/browser-sync is-extglob@2.1.1 OK for: is-glob@4.0.3 want: ^2.1.1
513 silly placeDep node_modules/browser-sync ee-first@1.1.1 OK for: on-finished@2.3.0 want: 1.1.1
514 silly placeDep node_modules/browser-sync is-wsl@1.1.0 OK for: opn@5.3.0 want: ^1.1.0
515 silly placeDep node_modules/browser-sync async@2.6.4 OK for: portscanner@2.2.0 want: ^2.6.0
516 silly placeDep node_modules/browser-sync is-number-like@1.0.8 OK for: portscanner@2.2.0 want: ^1.0.3
517 silly fetch manifest lodash.isfinite@^3.3.2
518 silly packumentCache full:https://registry.npmjs.org/lodash.isfinite cache-miss
519 http cache https://registry.npmjs.org/lodash.isfinite 5ms (cache hit)
520 silly packumentCache full:https://registry.npmjs.org/lodash.isfinite set size:27461 disposed:false
521 silly placeDep node_modules/browser-sync lodash.isfinite@3.3.2 OK for: is-number-like@1.0.8 want: ^3.3.2
522 silly placeDep node_modules/browser-sync bytes@3.1.2 OK for: raw-body@2.5.3 want: ~3.1.2
523 silly placeDep node_modules/browser-sync http-errors@2.0.1 OK for: raw-body@2.5.3 want: ~2.0.1
524 silly placeDep node_modules/browser-sync iconv-lite@0.4.24 OK for: raw-body@2.5.3 want: ~0.4.24
525 silly fetch manifest depd@~2.0.0
526 silly packumentCache full:https://registry.npmjs.org/depd cache-hit
527 silly fetch manifest inherits@~2.0.4
528 silly packumentCache full:https://registry.npmjs.org/inherits cache-miss
529 silly fetch manifest setprototypeof@~1.2.0
530 silly packumentCache full:https://registry.npmjs.org/setprototypeof cache-miss
531 silly fetch manifest toidentifier@~1.0.1
532 silly packumentCache full:https://registry.npmjs.org/toidentifier cache-miss
533 http cache https://registry.npmjs.org/inherits 3ms (cache hit)
534 silly packumentCache full:https://registry.npmjs.org/inherits set size:12925 disposed:false
535 silly fetch manifest safer-buffer@>= 2.1.2 < 3
536 silly packumentCache full:https://registry.npmjs.org/safer-buffer cache-miss
537 http cache https://registry.npmjs.org/toidentifier 4ms (cache hit)
538 silly packumentCache full:https://registry.npmjs.org/toidentifier set size:12006 disposed:false
539 http cache https://registry.npmjs.org/setprototypeof 6ms (cache hit)
540 silly packumentCache full:https://registry.npmjs.org/setprototypeof set size:14532 disposed:false
541 http cache https://registry.npmjs.org/safer-buffer 2ms (cache hit)
542 silly packumentCache full:https://registry.npmjs.org/safer-buffer set size:18521 disposed:false
543 silly placeDep node_modules/browser-sync depd@2.0.0 OK for: http-errors@2.0.1 want: ~2.0.0
544 silly placeDep node_modules/browser-sync inherits@2.0.4 OK for: http-errors@2.0.1 want: ~2.0.4
545 silly placeDep node_modules/browser-sync setprototypeof@1.2.0 OK for: http-errors@2.0.1 want: ~1.2.0
546 silly placeDep node_modules/browser-sync/node_modules/http-errors statuses@2.0.2 OK for: http-errors@2.0.1 want: ~2.0.2
547 silly placeDep node_modules/browser-sync toidentifier@1.0.1 OK for: http-errors@2.0.1 want: ~1.0.1
548 silly placeDep node_modules/browser-sync safer-buffer@2.1.2 OK for: iconv-lite@0.4.24 want: >= 2.1.2 < 3
549 silly placeDep node_modules/browser-sync minimatch@3.1.5 OK for: resp-modifier@6.0.2 want: ^3.0.2
550 silly fetch manifest brace-expansion@^1.1.7
551 silly packumentCache full:https://registry.npmjs.org/brace-expansion cache-miss
552 http cache https://registry.npmjs.org/brace-expansion 2ms (cache hit)
553 silly packumentCache full:https://registry.npmjs.org/brace-expansion set size:55744 disposed:false
554 silly placeDep node_modules/browser-sync brace-expansion@1.1.12 OK for: minimatch@3.1.5 want: ^1.1.7
555 silly fetch manifest concat-map@0.0.1
556 silly packumentCache full:https://registry.npmjs.org/concat-map cache-miss
557 silly fetch manifest balanced-match@^1.0.0
558 silly packumentCache full:https://registry.npmjs.org/balanced-match cache-miss
559 http cache https://registry.npmjs.org/concat-map 2ms (cache hit)
560 silly packumentCache full:https://registry.npmjs.org/concat-map set size:9290 disposed:false
561 http cache https://registry.npmjs.org/balanced-match 3ms (cache hit)
562 silly packumentCache full:https://registry.npmjs.org/balanced-match set size:39082 disposed:false
563 silly placeDep node_modules/browser-sync balanced-match@1.0.2 OK for: brace-expansion@1.1.12 want: ^1.0.0
564 silly placeDep node_modules/browser-sync concat-map@0.0.1 OK for: brace-expansion@1.1.12 want: 0.0.1
565 silly placeDep node_modules/browser-sync destroy@1.2.0 OK for: send@0.19.2 want: 1.2.0
566 silly placeDep node_modules/browser-sync/node_modules/send encodeurl@2.0.0 OK for: send@0.19.2 want: ~2.0.0
567 silly placeDep node_modules/browser-sync mime@1.6.0 OK for: send@0.19.2 want: 1.6.0
568 silly placeDep node_modules/browser-sync/node_modules/send ms@2.1.3 OK for: send@0.19.2 want: 2.1.3
569 silly placeDep node_modules/browser-sync/node_modules/send on-finished@2.4.1 OK for: send@0.19.2 want: ~2.4.1
570 silly placeDep node_modules/browser-sync range-parser@1.2.1 OK for: send@0.19.2 want: ~1.2.1
571 silly placeDep node_modules/browser-sync/node_modules/send statuses@2.0.2 OK for: send@0.19.2 want: ~2.0.2
572 silly placeDep node_modules/browser-sync accepts@1.3.8 OK for: serve-index@1.9.2 want: ~1.3.8
573 silly placeDep node_modules/browser-sync batch@0.6.1 OK for: serve-index@1.9.2 want: 0.6.1
574 silly placeDep node_modules/browser-sync/node_modules/serve-index http-errors@1.8.1 OK for: serve-index@1.9.2 want: ~1.8.0
575 silly placeDep node_modules/browser-sync mime-types@2.1.35 OK for: serve-index@1.9.2 want: ~2.1.35
576 silly fetch manifest mime-types@~2.1.34
577 silly packumentCache full:https://registry.npmjs.org/mime-types cache-hit
578 silly fetch manifest negotiator@0.6.3
579 silly packumentCache full:https://registry.npmjs.org/negotiator cache-miss
580 silly fetch manifest depd@~1.1.2
581 silly packumentCache full:https://registry.npmjs.org/depd cache-hit
582 silly fetch manifest statuses@>= 1.5.0 < 2
583 silly packumentCache full:https://registry.npmjs.org/statuses cache-hit
584 silly fetch manifest mime-db@1.52.0
585 silly packumentCache full:https://registry.npmjs.org/mime-db cache-miss
586 http cache https://registry.npmjs.org/negotiator 3ms (cache hit)
587 silly packumentCache full:https://registry.npmjs.org/negotiator set size:48046 disposed:false
588 http cache https://registry.npmjs.org/mime-db 4ms (cache hit)
589 silly packumentCache full:https://registry.npmjs.org/mime-db set size:164953 disposed:false
590 silly placeDep node_modules/browser-sync negotiator@0.6.3 OK for: accepts@1.3.8 want: 0.6.3
591 silly placeDep node_modules/browser-sync mime-db@1.52.0 OK for: mime-types@2.1.35 want: 1.52.0
592 silly placeDep node_modules/browser-sync/node_modules/serve-static encodeurl@2.0.0 OK for: serve-static@1.16.3 want: ~2.0.0
593 silly placeDep node_modules/browser-sync base64id@2.0.0 OK for: socket.io@4.8.3 want: ~2.0.0
594 silly placeDep node_modules/browser-sync cors@2.8.6 OK for: socket.io@4.8.3 want: ~2.8.5
595 silly placeDep node_modules/browser-sync/node_modules/socket.io debug@4.4.3 OK for: socket.io@4.8.3 want: ~4.4.1
596 silly placeDep node_modules/browser-sync engine.io@6.6.6 OK for: socket.io@4.8.3 want: ~6.6.0
597 silly placeDep node_modules/browser-sync socket.io-adapter@2.5.6 OK for: socket.io@4.8.3 want: ~2.5.2
598 silly placeDep node_modules/browser-sync socket.io-parser@4.2.5 OK for: socket.io@4.8.3 want: ~4.2.4
599 silly fetch manifest object-assign@^4
600 silly packumentCache full:https://registry.npmjs.org/object-assign cache-miss
601 silly fetch manifest vary@^1
602 silly packumentCache full:https://registry.npmjs.org/vary cache-miss
603 silly fetch manifest ms@^2.1.3
604 silly packumentCache full:https://registry.npmjs.org/ms cache-hit
605 silly fetch manifest @types/cors@^2.8.12
606 silly packumentCache full:https://registry.npmjs.org/@types%2fcors cache-miss
607 http cache https://registry.npmjs.org/object-assign 5ms (cache hit)
608 silly packumentCache full:https://registry.npmjs.org/object-assign set size:28988 disposed:false
609 silly fetch manifest @types/node@>=10.0.0
610 silly packumentCache full:https://registry.npmjs.org/@types%2fnode cache-miss
611 http cache https://registry.npmjs.org/vary 5ms (cache hit)
612 silly packumentCache full:https://registry.npmjs.org/vary set size:16018 disposed:false
613 silly fetch manifest @types/ws@^8.5.12
614 silly packumentCache full:https://registry.npmjs.org/@types%2fws cache-miss
615 http cache https://registry.npmjs.org/@types%2fcors 6ms (cache hit)
616 silly packumentCache full:https://registry.npmjs.org/@types%2fcors set size:56991 disposed:false
617 silly fetch manifest cookie@~0.7.2
618 silly packumentCache full:https://registry.npmjs.org/cookie cache-miss
619 http cache https://registry.npmjs.org/cookie 3ms (cache hit)
620 silly packumentCache full:https://registry.npmjs.org/cookie set size:72891 disposed:false
621 silly fetch manifest engine.io-parser@~5.2.1
622 silly packumentCache full:https://registry.npmjs.org/engine.io-parser cache-miss
623 http cache https://registry.npmjs.org/@types%2fws 7ms (cache hit)
624 silly packumentCache full:https://registry.npmjs.org/@types%2fws set size:167959 disposed:false
625 silly fetch manifest ws@~8.18.3
626 silly packumentCache full:https://registry.npmjs.org/ws cache-miss
627 http cache https://registry.npmjs.org/@types%2fnode 27ms (cache hit)
628 silly packumentCache full:https://registry.npmjs.org/@types%2fnode set size:10936308 disposed:false
629 silly fetch manifest ws@~8.18.3
630 silly packumentCache full:https://registry.npmjs.org/ws cache-miss
631 http cache https://registry.npmjs.org/engine.io-parser 105ms (cache hit)
632 silly packumentCache full:https://registry.npmjs.org/engine.io-parser set size:116455 disposed:false
633 http cache https://registry.npmjs.org/ws 104ms (cache hit)
634 silly packumentCache full:https://registry.npmjs.org/ws set size:413307 disposed:false
635 http cache https://registry.npmjs.org/ws 19ms (cache hit)
636 silly packumentCache full:https://registry.npmjs.org/ws set size:413307 disposed:false
637 silly packumentCache full:https://registry.npmjs.org/ws dispose
638 silly placeDep node_modules/browser-sync object-assign@4.1.1 OK for: cors@2.8.6 want: ^4
639 silly placeDep node_modules/browser-sync vary@1.1.2 OK for: cors@2.8.6 want: ^1
640 silly fetch manifest bufferutil@^4.0.1
641 silly packumentCache full:https://registry.npmjs.org/bufferutil cache-miss
642 http cache https://registry.npmjs.org/bufferutil 2ms (cache hit)
643 silly packumentCache full:https://registry.npmjs.org/bufferutil set size:52763 disposed:false
644 silly fetch manifest utf-8-validate@>=5.0.2
645 silly packumentCache full:https://registry.npmjs.org/utf-8-validate cache-miss
646 http cache https://registry.npmjs.org/utf-8-validate 2ms (cache hit)
647 silly packumentCache full:https://registry.npmjs.org/utf-8-validate set size:77148 disposed:false
648 silly placeDep node_modules/browser-sync @types/cors@2.8.19 OK for: engine.io@6.6.6 want: ^2.8.12
649 silly placeDep node_modules/browser-sync @types/node@25.4.0 OK for: engine.io@6.6.6 want: >=10.0.0
650 silly placeDep node_modules/browser-sync @types/ws@8.18.1 OK for: engine.io@6.6.6 want: ^8.5.12
651 silly placeDep node_modules/browser-sync cookie@0.7.2 OK for: engine.io@6.6.6 want: ~0.7.2
652 silly placeDep node_modules/browser-sync/node_modules/engine.io debug@4.4.3 OK for: engine.io@6.6.6 want: ~4.4.1
653 silly placeDep node_modules/browser-sync engine.io-parser@5.2.3 OK for: engine.io@6.6.6 want: ~5.2.1
654 silly placeDep node_modules/browser-sync ws@8.18.3 OK for: engine.io@6.6.6 want: ~8.18.3
655 silly fetch manifest @types/node@*
656 silly packumentCache full:https://registry.npmjs.org/@types%2fnode cache-miss
657 silly fetch manifest undici-types@~7.18.0
658 silly packumentCache full:https://registry.npmjs.org/undici-types cache-miss
659 http cache https://registry.npmjs.org/undici-types 2ms (cache hit)
660 silly packumentCache full:https://registry.npmjs.org/undici-types set size:171546 disposed:false
661 http cache https://registry.npmjs.org/@types%2fnode 24ms (cache hit)
662 silly packumentCache full:https://registry.npmjs.org/@types%2fnode set size:10936308 disposed:false
663 silly placeDep node_modules/browser-sync undici-types@7.18.2 OK for: @types/node@25.4.0 want: ~7.18.0
664 silly placeDep node_modules/browser-sync/node_modules/socket.io-adapter debug@4.4.3 OK for: socket.io-adapter@2.5.6 want: ~4.4.1
665 silly placeDep node_modules/browser-sync @socket.io/component-emitter@3.1.2 OK for: socket.io-client@4.8.3 want: ~3.1.0
666 silly placeDep node_modules/browser-sync/node_modules/socket.io-client debug@4.4.3 OK for: socket.io-client@4.8.3 want: ~4.4.1
667 silly placeDep node_modules/browser-sync engine.io-client@6.6.4 OK for: socket.io-client@4.8.3 want: ~6.6.1
668 silly fetch manifest xmlhttprequest-ssl@~2.1.1
669 silly packumentCache full:https://registry.npmjs.org/xmlhttprequest-ssl cache-miss
670 http cache https://registry.npmjs.org/xmlhttprequest-ssl 2ms (cache hit)
671 silly packumentCache full:https://registry.npmjs.org/xmlhttprequest-ssl set size:41046 disposed:false
672 silly placeDep node_modules/browser-sync/node_modules/engine.io-client debug@4.4.3 OK for: engine.io-client@6.6.4 want: ~4.4.1
673 silly placeDep node_modules/browser-sync xmlhttprequest-ssl@2.1.2 OK for: engine.io-client@6.6.4 want: ~2.1.1
674 silly placeDep node_modules/browser-sync/node_modules/socket.io-parser debug@4.4.3 OK for: socket.io-parser@4.2.5 want: ~4.4.1
675 silly placeDep node_modules/browser-sync commander@2.20.3 OK for: stream-throttle@0.1.3 want: ^2.2.0
676 silly placeDep node_modules/browser-sync limiter@1.1.5 OK for: stream-throttle@0.1.3 want: ^1.0.5
677 silly placeDep node_modules/browser-sync has-flag@4.0.0 OK for: supports-color@7.2.0 want: ^4.0.0
678 silly placeDep node_modules/browser-sync is-number@7.0.0 OK for: to-regex-range@5.0.1 want: ^7.0.0
679 silly placeDep node_modules/browser-sync cliui@8.0.1 OK for: yargs@17.7.2 want: ^8.0.1
680 silly placeDep node_modules/browser-sync escalade@3.2.0 OK for: yargs@17.7.2 want: ^3.1.1
681 silly placeDep node_modules/browser-sync get-caller-file@2.0.5 OK for: yargs@17.7.2 want: ^2.0.5
682 silly placeDep node_modules/browser-sync require-directory@2.1.1 OK for: yargs@17.7.2 want: ^2.1.1
683 silly placeDep node_modules/browser-sync string-width@4.2.3 OK for: yargs@17.7.2 want: ^4.2.3
684 silly placeDep node_modules/browser-sync y18n@5.0.8 OK for: yargs@17.7.2 want: ^5.0.5
685 silly placeDep node_modules/browser-sync yargs-parser@21.1.1 OK for: yargs@17.7.2 want: ^21.1.1
686 silly fetch manifest wrap-ansi@^7.0.0
687 silly packumentCache full:https://registry.npmjs.org/wrap-ansi cache-miss
688 silly fetch manifest strip-ansi@^6.0.1
689 silly packumentCache full:https://registry.npmjs.org/strip-ansi cache-miss
690 silly fetch manifest string-width@^4.2.0
691 silly packumentCache full:https://registry.npmjs.org/string-width cache-hit
692 silly fetch manifest strip-ansi@^6.0.1
693 silly packumentCache full:https://registry.npmjs.org/strip-ansi cache-miss
694 http cache https://registry.npmjs.org/wrap-ansi 4ms (cache hit)
695 silly packumentCache full:https://registry.npmjs.org/wrap-ansi set size:55299 disposed:false
696 silly fetch manifest emoji-regex@^8.0.0
697 silly packumentCache full:https://registry.npmjs.org/emoji-regex cache-miss
698 http cache https://registry.npmjs.org/strip-ansi 5ms (cache hit)
699 silly packumentCache full:https://registry.npmjs.org/strip-ansi set size:44998 disposed:false
700 silly fetch manifest is-fullwidth-code-point@^3.0.0
701 silly packumentCache full:https://registry.npmjs.org/is-fullwidth-code-point cache-miss
702 http cache https://registry.npmjs.org/strip-ansi 7ms (cache hit)
703 silly packumentCache full:https://registry.npmjs.org/strip-ansi set size:44998 disposed:false
704 silly packumentCache full:https://registry.npmjs.org/strip-ansi dispose
705 http cache https://registry.npmjs.org/emoji-regex 5ms (cache hit)
706 silly packumentCache full:https://registry.npmjs.org/emoji-regex set size:89088 disposed:false
707 http cache https://registry.npmjs.org/is-fullwidth-code-point 5ms (cache hit)
708 silly packumentCache full:https://registry.npmjs.org/is-fullwidth-code-point set size:14578 disposed:false
709 silly placeDep node_modules/browser-sync strip-ansi@6.0.1 OK for: cliui@8.0.1 want: ^6.0.1
710 silly placeDep node_modules/browser-sync wrap-ansi@7.0.0 OK for: cliui@8.0.1 want: ^7.0.0
711 silly fetch manifest ansi-regex@^5.0.1
712 silly packumentCache full:https://registry.npmjs.org/ansi-regex cache-miss
713 http cache https://registry.npmjs.org/ansi-regex 2ms (cache hit)
714 silly packumentCache full:https://registry.npmjs.org/ansi-regex set size:43572 disposed:false
715 silly placeDep node_modules/browser-sync emoji-regex@8.0.0 OK for: string-width@4.2.3 want: ^8.0.0
716 silly placeDep node_modules/browser-sync is-fullwidth-code-point@3.0.0 OK for: string-width@4.2.3 want: ^3.0.0
717 silly placeDep node_modules/browser-sync ansi-regex@5.0.1 OK for: strip-ansi@6.0.1 want: ^5.0.1
718 silly placeDep node_modules/browser-sync/node_modules/engine.io-client ms@2.1.3 OK for: debug@4.4.3 want: ^2.1.3
719 silly placeDep node_modules/browser-sync/node_modules/engine.io ms@2.1.3 OK for: debug@4.4.3 want: ^2.1.3
720 silly placeDep node_modules/browser-sync/node_modules/serve-index depd@1.1.2 OK for: http-errors@1.8.1 want: ~1.1.2
721 silly placeDep node_modules/browser-sync/node_modules/serve-index statuses@1.5.0 OK for: http-errors@1.8.1 want: >= 1.5.0 < 2
722 silly placeDep node_modules/browser-sync/node_modules/socket.io-adapter ms@2.1.3 OK for: debug@4.4.3 want: ^2.1.3
723 silly placeDep node_modules/browser-sync/node_modules/socket.io-client ms@2.1.3 OK for: debug@4.4.3 want: ^2.1.3
724 silly placeDep node_modules/browser-sync/node_modules/socket.io-parser ms@2.1.3 OK for: debug@4.4.3 want: ^2.1.3
725 silly placeDep node_modules/browser-sync/node_modules/socket.io ms@2.1.3 OK for: debug@4.4.3 want: ^2.1.3
726 silly reify moves {}
727 verbose stack Error: EACCES: permission denied, mkdir '/usr/lib/node_modules/browser-sync'
727 verbose stack     at async mkdir (node:internal/fs/promises:856:10)
727 verbose stack     at async /usr/lib/node_modules/npm/node_modules/@npmcli/arborist/lib/arborist/reify.js:572:20
727 verbose stack     at async Promise.allSettled (index 0)
727 verbose stack     at async #reifyPackages (/usr/lib/node_modules/npm/node_modules/@npmcli/arborist/lib/arborist/reify.js:309:11)
727 verbose stack     at async Arborist.reify (/usr/lib/node_modules/npm/node_modules/@npmcli/arborist/lib/arborist/reify.js:121:5)
727 verbose stack     at async Install.exec (/usr/lib/node_modules/npm/lib/commands/install.js:152:5)
727 verbose stack     at async Npm.exec (/usr/lib/node_modules/npm/lib/npm.js:209:9)
727 verbose stack     at async module.exports (/usr/lib/node_modules/npm/lib/cli/entry.js:67:5)
728 error code EACCES
729 error syscall mkdir
730 error path /usr/lib/node_modules/browser-sync
731 error errno -13
732 error Error: EACCES: permission denied, mkdir '/usr/lib/node_modules/browser-sync'
732 error     at async mkdir (node:internal/fs/promises:856:10)
732 error     at async /usr/lib/node_modules/npm/node_modules/@npmcli/arborist/lib/arborist/reify.js:572:20
732 error     at async Promise.allSettled (index 0)
732 error     at async #reifyPackages (/usr/lib/node_modules/npm/node_modules/@npmcli/arborist/lib/arborist/reify.js:309:11)
732 error     at async Arborist.reify (/usr/lib/node_modules/npm/node_modules/@npmcli/arborist/lib/arborist/reify.js:121:5)
732 error     at async Install.exec (/usr/lib/node_modules/npm/lib/commands/install.js:152:5)
732 error     at async Npm.exec (/usr/lib/node_modules/npm/lib/npm.js:209:9)
732 error     at async module.exports (/usr/lib/node_modules/npm/lib/cli/entry.js:67:5) {
732 error   errno: -13,
732 error   code: 'EACCES',
732 error   syscall: 'mkdir',
732 error   path: '/usr/lib/node_modules/browser-sync'
732 error }
733 error
733 error The operation was rejected by your operating system.
733 error It is likely you do not have the permissions to access this file as the current user
733 error
733 error If you believe this might be a permissions issue, please double-check the
733 error permissions of the file and its containing directories, or try running
733 error the command again as root/Administrator.
734 silly unfinished npm timer reify 1773233542146
735 silly unfinished npm timer reify:createSparse 1773233543075
736 verbose cwd /home/azaroth/Downloads
737 verbose os Linux 6.19.6-arch1-1
738 verbose node v25.7.0
739 verbose npm  v11.11.0
740 verbose exit -13
741 verbose code -13
742 error A complete log of this run can be found in: /home/azaroth/.npm/_logs/2026-03-11T12_52_21_970Z-debug-0.log
