0 verbose cli /usr/bin/node /usr/bin/npm
1 info using npm@11.11.0
2 info using node@v25.7.0
3 silly config load:file:/usr/lib/node_modules/npm/npmrc
4 silly config load:file:/home/azaroth/.local/share/nvim/mason/staging/htmlhint/.npmrc
5 silly config load:file:/home/azaroth/.npmrc
6 silly config load:file:/etc/npmrc
7 verbose title npm init
8 verbose argv "init" "--yes" "--scope" "mason"
9 verbose logfile logs-max:10 dir:/home/azaroth/.npm/_logs/2026-03-11T03_50_48_808Z-
10 verbose logfile /home/azaroth/.npm/_logs/2026-03-11T03_50_48_808Z-debug-0.log
11 silly logfile done cleaning log files
12 silly package data {
12 silly package data   name: '@mason/htmlhint',
12 silly package data   version: '1.0.0',
12 silly package data   description: '',
12 silly package data   main: 'index.js',
12 silly package data   scripts: { test: 'echo "Error: no test specified" && exit 1' },
12 silly package data   keywords: [],
12 silly package data   author: '',
12 silly package data   license: 'ISC',
12 silly package data   type: 'commonjs'
12 silly package data }
13 verbose cwd /home/azaroth/.local/share/nvim/mason/staging/htmlhint
14 verbose os Linux 6.19.6-arch1-1
15 verbose node v25.7.0
16 verbose npm  v11.11.0
17 verbose exit 0
18 info ok
